------------------------------------------------------------
TimeQuest Timing Analyzer Summary
------------------------------------------------------------

Type  : Slow Model Setup 'clock1_in'
Slack : -3.067
TNS   : -61.516

Type  : Slow Model Setup 'clock_div:L1|clock_out'
Slack : -2.747
TNS   : -31.044

Type  : Slow Model Hold 'clock1_in'
Slack : -2.688
TNS   : -2.688

Type  : Slow Model Hold 'clock_div:L1|clock_out'
Slack : 0.625
TNS   : 0.000

Type  : Slow Model Minimum Pulse Width 'clock1_in'
Slack : -1.631
TNS   : -44.401

Type  : Slow Model Minimum Pulse Width 'clock_div:L1|clock_out'
Slack : -0.611
TNS   : -37.882

Type  : Fast Model Setup 'clock1_in'
Slack : -0.698
TNS   : -7.656

Type  : Fast Model Setup 'clock_div:L1|clock_out'
Slack : -0.483
TNS   : -2.190

Type  : Fast Model Hold 'clock1_in'
Slack : -1.719
TNS   : -1.719

Type  : Fast Model Hold 'clock_div:L1|clock_out'
Slack : 0.241
TNS   : 0.000

Type  : Fast Model Minimum Pulse Width 'clock1_in'
Slack : -1.380
TNS   : -36.380

Type  : Fast Model Minimum Pulse Width 'clock_div:L1|clock_out'
Slack : -0.500
TNS   : -31.000

------------------------------------------------------------
